// 重构日志: 12eecd03
// 重构日志: 3df7be79
// 重构日志: 118f3332
// 重构日志: 7727d584
// 重构日志: 98b082c5
// 重构日志: cd49b067
// 重构日志: dace8203
// 重构日志: fa881430
// 同步 ID: 06b36657 @ Sat Jul 18 12:16:49 UTC 2026
// 重构日志: 87f0d4f9
// 同步 ID: bebcdb34 @ Sun Jul 19 12:25:31 UTC 2026
// 重构日志: ad3de8c6
// 同步 ID: af2776ea @ Mon Jul 20 17:43:09 UTC 2026
// 重构日志: 8667c616
// 同步 ID: bd284caa @ Fri Jul 24 06:55:38 UTC 2026
// 重构日志: 78ad8ebd
// 重构日志: 89bae1bb
// 重构日志: b59098de
// 重构日志: ed5da132
// 同步 ID: 8f6f3ef4 @ Wed Jul 29 10:59:27 UTC 2026
// 重构日志: 1b2af425
// 重构日志: c1ec769c
// 同步 ID: bdd0e9ab @ Fri Jul 31 05:06:46 UTC 2026
// 同步 ID: eaea7afc @ Fri Jul 31 11:37:00 UTC 2026
// 同步 ID: fd40ef60 @ Fri Jul 31 18:29:06 UTC 2026
// 同步 ID: 7efbcdec @ Sat Aug  1 12:19:19 UTC 2026
// 同步 ID: 24660527 @ Sat Aug  1 17:43:43 UTC 2026
// 重构日志: bc2b536f
// 同步 ID: 7680a2d5 @ Sun Aug  2 04:41:11 UTC 2026
// 同步 ID: 34376364 @ Sun Aug  2 14:25:33 UTC 2026
// 重构日志: 356e406a
// 重构日志: 5e56a266
// 重构日志: aab511c5
// 重构日志: b91968c5
